<html>
<body>
<pre>
<h1>µVision Build Log</h1>
<h2>Tool Versions:</h2>
IDE-Version: ¶ÃVision V5.42.0.0
Copyright (C) 2025 ARM Ltd and ARM Germany GmbH. All rights reserved.
License Information: A ≈ÌΩ®÷–, A, LIC=D0D7S-L3NCB-SB0EJ-UL7PK-K9DMA-50GDI
 
Tool Versions:
Toolchain:       MDK-ARM Plus  Version: 5.42.0.0
Toolchain Path:  D:\Keil_v542\ARM\ARMCLANG\Bin
C Compiler:      ArmClang.exe V6.23
Assembler:       Armasm.exe V6.23
Linker/Locator:  ArmLink.exe V6.23
Library Manager: ArmAr.exe V6.23
Hex Converter:   FromElf.exe V6.23
CPU DLL:         SARMCM3.DLL V5.42.0.0
Dialog DLL:      DCM.DLL V1.17.5.0
Target DLL:      CMSIS_AGDI.dll V1.33.22.0
Dialog DLL:      TCM.DLL V1.56.6.0
 
<h2>Project:</h2>
C:\Users\pengjianzhong\Desktop\Edge_Wind_System+ESP8266\STM32H750XBH6\DMA_SUART1+DAM_USART2+DSP\MOBANCX\MDK-ARM\MOBANCX.uvprojx
Project File Date:  01/15/2026

<h2>Output:</h2>
*** Using Compiler 'V6.23', folder: 'D:\Keil_v542\ARM\ARMCLANG\Bin'
Rebuild target 'MOBANCX'
compiling gpio.c...
compiling stm32h7xx_hal_flash.c...
assembling startup_stm32h750xx.s...
compiling stm32h7xx_hal_rcc.c...
compiling stm32h7xx_hal_msp.c...
compiling dma.c...
compiling memorymap.c...
compiling stm32h7xx_it.c...
compiling usart.c...
compiling stm32h7xx_hal_cortex.c...
compiling main.c...
compiling stm32h7xx_hal_flash_ex.c...
compiling stm32h7xx_hal_hsem.c...
compiling stm32h7xx_hal_gpio.c...
compiling stm32h7xx_hal_rcc_ex.c...
compiling stm32h7xx_hal_pwr.c...
compiling stm32h7xx_hal_dma_ex.c...
compiling stm32h7xx_hal_pwr_ex.c...
compiling stm32h7xx_hal_i2c_ex.c...
compiling system_stm32h7xx.c...
compiling stm32h7xx_hal_mdma.c...
compiling stm32h7xx_hal_exti.c...
compiling stm32h7xx_hal.c...
compiling stm32h7xx_hal_dma.c...
compiling BayesFunctions.c...
compiling stm32h7xx_hal_uart_ex.c...
compiling esp8266.c...
compiling ControllerFunctions.c...
compiling stm32h7xx_hal_uart.c...
compiling QuaternionMathFunctions.c...
compiling InterpolationFunctions.c...
compiling stm32h7xx_hal_i2c.c...
compiling FastMathFunctions.c...
compiling ComplexMathFunctions.c...
compiling SVMFunctions.c...
compiling BasicMathFunctions.c...
compiling CommonTables.c...
compiling DistanceFunctions.c...
compiling WindowFunctions.c...
compiling SupportFunctions.c...
compiling StatisticsFunctions.c...
compiling MatrixFunctions.c...
compiling TransformFunctions.c...
compiling FilteringFunctions.c...
linking...
Program Size: Code=49828 RO-data=84292 RW-data=53276 ZI-data=31660  
FromELF: creating hex file...
"MOBANCX\MOBANCX.axf" - 0 Error(s), 0 Warning(s).

<h2>Software Packages used:</h2>

Package Vendor: ARM
                https://www.keil.com/pack/ARM.CMSIS.6.1.0.pack
                ARM::CMSIS@6.1.0
                CMSIS (Common Microcontroller Software Interface Standard)
   * Component: CORE Version: 6.1.0

Package Vendor: Keil
                https://www.keil.com/pack/Keil.STM32H7xx_DFP.4.0.0.pack
                Keil::STM32H7xx_DFP@4.0.0
                STMicroelectronics STM32H7 Series Device Support

<h2>Collection of Component include folders:</h2>
  ./RTE/_MOBANCX
  D:/Keil_v542_Packs/ARM/CMSIS/6.1.0/CMSIS/Core/Include

<h2>Collection of Component Files used:</h2>

   * Component: ARM::CMSIS:CORE@6.1.0
      Include file:  CMSIS/Core/Include/tz_context.h
Build Time Elapsed:  00:00:07
</pre>
</body>
</html>
